[    0.000000] Initializing cgroup subsys cpuset
[    0.000000] Initializing cgroup subsys cpu
[    0.000000] Initializing cgroup subsys cpuacct
[    0.000000] Linux version 4.4.0-210-generic (buildd@lgw01-amd64-009) (gcc version 5.4.0 20160609 (Ubuntu 5.4.0-6ubuntu1~16.04.12) ) #242-Ubuntu SMP Fri Apr 16 09:57:56 UTC 2021 (Ubuntu 4.4.0-210.242-generic 4.4.262)
[    0.000000] Command line: BOOT_IMAGE=/boot/vmlinuz-4.4.0-210-generic root=LABEL=cloudimg-rootfs ro console=tty1 console=ttyS0
[    0.000000] KERNEL supported cpus:
[    0.000000]   Intel GenuineIntel
[    0.000000]   AMD AuthenticAMD
[    0.000000]   Centaur CentaurHauls
[    0.000000] x86/fpu: xstate_offset[2]:  576, xstate_sizes[2]:  256
[    0.000000] x86/fpu: Supporting XSAVE feature 0x01: 'x87 floating point registers'
[    0.000000] x86/fpu: Supporting XSAVE feature 0x02: 'SSE registers'
[    0.000000] x86/fpu: Supporting XSAVE feature 0x04: 'AVX registers'
[    0.000000] x86/fpu: Enabled xstate features 0x7, context size is 832 bytes, using 'standard' format.
[    0.000000] e820: BIOS-provided physical RAM map:
[    0.000000] BIOS-e820: [mem 0x0000000000000000-0x000000000009fbff] usable
[    0.000000] BIOS-e820: [mem 0x000000000009fc00-0x000000000009ffff] reserved
[    0.000000] BIOS-e820: [mem 0x00000000000f0000-0x00000000000fffff] reserved
[    0.000000] BIOS-e820: [mem 0x0000000000100000-0x000000003ffeffff] usable
[    0.000000] BIOS-e820: [mem 0x000000003fff0000-0x000000003fffffff] ACPI data
[    0.000000] BIOS-e820: [mem 0x00000000fec00000-0x00000000fec00fff] reserved
[    0.000000] BIOS-e820: [mem 0x00000000fee00000-0x00000000fee00fff] reserved
[    0.000000] BIOS-e820: [mem 0x00000000fffc0000-0x00000000ffffffff] reserved
[    0.000000] NX (Execute Disable) protection: active
[    0.000000] SMBIOS 2.5 present.
[    0.000000] Hypervisor detected: KVM
[    0.000000] e820: last_pfn = 0x3fff0 max_arch_pfn = 0x400000000
[    0.000000] MTRR: Disabled
[    0.000000] x86/PAT: MTRRs disabled, skipping PAT initialization too.
[    0.000000] CPU MTRRs all blank - virtualized system.
[    0.000000] x86/PAT: Configuration [0-7]: WB  WT  UC- UC  WB  WT  UC- UC  
[    0.000000] found SMP MP-table at [mem 0x0009fff0-0x0009ffff] mapped at [ffff88000009fff0]
[    0.000000] Scanning 1 areas for low memory corruption
[    0.000000] RAMDISK: [mem 0x362dc000-0x37165fff]
[    0.000000] ACPI: Early table checksum verification disabled
[    0.000000] ACPI: RSDP 0x00000000000E0000 000024 (v02 VBOX  )
[    0.000000] ACPI: XSDT 0x000000003FFF0030 00003C (v01 VBOX   VBOXXSDT 00000001 ASL  00000061)
[    0.000000] ACPI: FACP 0x000000003FFF00F0 0000F4 (v04 VBOX   VBOXFACP 00000001 ASL  00000061)
[    0.000000] ACPI: DSDT 0x000000003FFF0470 002325 (v02 VBOX   VBOXBIOS 00000002 INTL 20100528)
[    0.000000] ACPI: FACS 0x000000003FFF0200 000040
[    0.000000] ACPI: FACS 0x000000003FFF0200 000040
[    0.000000] ACPI: APIC 0x000000003FFF0240 00005C (v02 VBOX   VBOXAPIC 00000001 ASL  00000061)
[    0.000000] ACPI: SSDT 0x000000003FFF02A0 0001CC (v01 VBOX   VBOXCPUT 00000002 INTL 20100528)
[    0.000000] No NUMA configuration found
[    0.000000] Faking a node at [mem 0x0000000000000000-0x000000003ffeffff]
[    0.000000] NODE_DATA(0) allocated [mem 0x3ffeb000-0x3ffeffff]
[    0.000000] kvm-clock: Using msrs 4b564d01 and 4b564d00
[    0.000000] kvm-clock: cpu 0, msr 0:3ffe3001, primary cpu clock
[    0.000000] kvm-clock: using sched offset of 8343988494 cycles
[    0.000000] clocksource: kvm-clock: mask: 0xffffffffffffffff max_cycles: 0x1cd42e4dffb, max_idle_ns: 881590591483 ns
[    0.000000] Zone ranges:
[    0.000000]   DMA      [mem 0x0000000000001000-0x0000000000ffffff]
[    0.000000]   DMA32    [mem 0x0000000001000000-0x000000003ffeffff]
[    0.000000]   Normal   empty
[    0.000000]   Device   empty
[    0.000000] Movable zone start for each node
[    0.000000] Early memory node ranges
[    0.000000]   node   0: [mem 0x0000000000001000-0x000000000009efff]
[    0.000000]   node   0: [mem 0x0000000000100000-0x000000003ffeffff]
[    0.000000] Initmem setup node 0 [mem 0x0000000000001000-0x000000003ffeffff]
[    0.000000] ACPI: PM-Timer IO Port: 0x4008
[    0.000000] IOAPIC[0]: apic_id 2, version 32, address 0xfec00000, GSI 0-23
[    0.000000] ACPI: INT_SRC_OVR (bus 0 bus_irq 0 global_irq 2 dfl dfl)
[    0.000000] ACPI: INT_SRC_OVR (bus 0 bus_irq 9 global_irq 9 low level)
[    0.000000] Using ACPI (MADT) for SMP configuration information
[    0.000000] smpboot: Allowing 2 CPUs, 0 hotplug CPUs
[    0.000000] PM: Registered nosave memory: [mem 0x00000000-0x00000fff]
[    0.000000] PM: Registered nosave memory: [mem 0x0009f000-0x0009ffff]
[    0.000000] PM: Registered nosave memory: [mem 0x000a0000-0x000effff]
[    0.000000] PM: Registered nosave memory: [mem 0x000f0000-0x000fffff]
[    0.000000] e820: [mem 0x40000000-0xfebfffff] available for PCI devices
[    0.000000] Booting paravirtualized kernel on KVM
[    0.000000] clocksource: refined-jiffies: mask: 0xffffffff max_cycles: 0xffffffff, max_idle_ns: 7645519600211568 ns
[    0.000000] setup_percpu: NR_CPUS:512 nr_cpumask_bits:512 nr_cpu_ids:2 nr_node_ids:1
[    0.000000] PERCPU: Embedded 33 pages/cpu @ffff88003fc00000 s95192 r8192 d31784 u1048576
[    0.000000] Built 1 zonelists in Node order, mobility grouping on.  Total pages: 257912
[    0.000000] Policy zone: DMA32
[    0.000000] Kernel command line: BOOT_IMAGE=/boot/vmlinuz-4.4.0-210-generic root=LABEL=cloudimg-rootfs ro console=tty1 console=ttyS0
[    0.000000] PID hash table entries: 4096 (order: 3, 32768 bytes)
[    0.000000] Memory: 997792K/1048120K available (8644K kernel code, 1332K rwdata, 4044K rodata, 1492K init, 1164K bss, 50328K reserved, 0K cma-reserved)
[    0.000000] SLUB: HWalign=64, Order=0-3, MinObjects=0, CPUs=2, Nodes=1
[    0.000000] Kernel/User page tables isolation: enabled
[    0.000000] Hierarchical RCU implementation.
[    0.000000] 	Build-time adjustment of leaf fanout to 64.
[    0.000000] 	RCU restricting CPUs from NR_CPUS=512 to nr_cpu_ids=2.
[    0.000000] RCU: Adjusting geometry for rcu_fanout_leaf=64, nr_cpu_ids=2
[    0.000000] NR_IRQS:33024 nr_irqs:440 16
[    0.000000] Console: colour VGA+ 80x25
[    0.000000] console [tty1] enabled
[    0.000000] console [ttyS0] enabled
[    0.000000] tsc: Detected 2195.024 MHz processor
[    0.506860] Calibrating delay loop (skipped) preset value.. 4390.04 BogoMIPS (lpj=8780096)
[    0.512703] pid_max: default: 32768 minimum: 301
[    0.515711] ACPI: Core revision 20150930
[    0.524368] ACPI: 2 ACPI AML tables successfully acquired and loaded
[    0.528513] Security Framework initialized
[    0.531516] Yama: becoming mindful.
[    0.534242] AppArmor: AppArmor initialized
[    0.537662] Dentry cache hash table entries: 131072 (order: 8, 1048576 bytes)
[    0.546051] Inode-cache hash table entries: 65536 (order: 7, 524288 bytes)
[    0.550905] Mount-cache hash table entries: 2048 (order: 2, 16384 bytes)
[    0.555711] Mountpoint-cache hash table entries: 2048 (order: 2, 16384 bytes)
[    0.561243] Initializing cgroup subsys io
[    0.564158] Initializing cgroup subsys memory
[    0.567412] Initializing cgroup subsys devices
[    0.570863] Initializing cgroup subsys freezer
[    0.574121] Initializing cgroup subsys net_cls
[    0.577117] Initializing cgroup subsys perf_event
[    0.580136] Initializing cgroup subsys net_prio
[    0.583618] Initializing cgroup subsys hugetlb
[    0.586654] Initializing cgroup subsys pids
[    0.589817] mce: CPU supports 0 MCE banks
[    0.592692] Last level iTLB entries: 4KB 512, 2MB 8, 4MB 8
[    0.596061] Last level dTLB entries: 4KB 512, 2MB 32, 4MB 32, 1GB 0
[    0.600031] Spectre V1 : Mitigation: usercopy/swapgs barriers and __user pointer sanitization
[    0.605914] Spectre V2 : Mitigation: Full generic retpoline
[    0.609686] Spectre V2 : Spectre v2 / SpectreRSB mitigation: Filling RSB on context switch
[    0.615654] Speculative Store Bypass: Vulnerable
[    0.618954] MDS: Mitigation: Clear CPU buffers
[    0.630514] Freeing SMP alternatives memory: 36K
[    0.652143] ftrace: allocating 32380 entries in 127 pages
[    0.844814] smpboot: APIC(0) Converting physical 0 to logical package 0
[    0.849313] smpboot: Max logical packages: 1
[    0.853265] x2apic enabled
[    0.856515] Switched APIC routing to physical x2apic.
[    0.864678] ..TIMER: vector=0x30 apic1=0 pin1=2 apic2=-1 pin2=-1
[    0.976727] smpboot: CPU0: Intel(R) Core(TM) i7-2670QM CPU @ 2.20GHz (family: 0x6, model: 0x2a, stepping: 0x7)
[    0.984214] Performance Events: unsupported p6 CPU model 42 no PMU driver, software events only.
[    1.016878] KVM setup paravirtual spinlock
[    1.021276] x86: Booting SMP configuration:
[    1.024298] .... node  #0, CPUs:      #1
[    1.026989] kvm-clock: cpu 1, msr 0:3ffe3041, secondary cpu clock
[    1.029711] mce: CPU supports 0 MCE banks
[    1.033378] x86: Booted up 1 node, 2 CPUs
[    1.037102] smpboot: Total of 2 processors activated (8780.09 BogoMIPS)
[    1.042237] devtmpfs: initialized
[    1.062152] evm: security.selinux
[    1.064715] evm: security.SMACK64
[    1.067396] evm: security.SMACK64EXEC
[    1.070225] evm: security.SMACK64TRANSMUTE
[    1.073228] evm: security.SMACK64MMAP
[    1.075834] evm: security.ima
[    1.078168] evm: security.capability
[    1.081103] clocksource: jiffies: mask: 0xffffffff max_cycles: 0xffffffff, max_idle_ns: 7645041785100000 ns
[    1.087354] futex hash table entries: 512 (order: 3, 32768 bytes)
[    1.091327] pinctrl core: initialized pinctrl subsystem
[    1.095292] RTC time: 17:15:38, date: 11/28/22
[    1.098961] NET: Registered protocol family 16
[    1.112875] cpuidle: using governor ladder
[    1.125775] cpuidle: using governor menu
[    1.128764] PCCT header not found.
[    1.131555] ACPI: bus type PCI registered
[    1.134318] acpiphp: ACPI Hot Plug PCI Controller Driver version: 0.5
[    1.138473] PCI: Using configuration type 1 for base access
[    1.158422] ACPI: Added _OSI(Module Device)
[    1.161425] ACPI: Added _OSI(Processor Device)
[    1.164433] ACPI: Added _OSI(3.0 _SCP Extensions)
[    1.167610] ACPI: Added _OSI(Processor Aggregator Device)
[    1.173498] ACPI: Executed 1 blocks of module-level executable AML code
[    1.186638] ACPI: Interpreter enabled
[    1.189424] ACPI: (supports S0 S5)
[    1.192060] ACPI: Using IOAPIC for interrupt routing
[    1.195956] PCI: Using host bridge windows from ACPI; if necessary, use "pci=nocrs" and report a bug
[    1.217120] ACPI: PCI Root Bridge [PCI0] (domain 0000 [bus 00-ff])
[    1.221211] acpi PNP0A03:00: _OSC: OS supports [ASPM ClockPM Segments MSI]
[    1.226729] acpi PNP0A03:00: _OSC: not requesting OS control; OS requires [ExtendedConfig ASPM ClockPM MSI]
[    1.233038] acpi PNP0A03:00: fail to add MMCONFIG information, can't access extended PCI configuration space under this bridge.
[    1.241267] PCI host bridge to bus 0000:00
[    1.244221] pci_bus 0000:00: root bus resource [io  0x0000-0x0cf7 window]
[    1.248975] pci_bus 0000:00: root bus resource [io  0x0d00-0xffff window]
[    1.253043] pci_bus 0000:00: root bus resource [mem 0x000a0000-0x000bffff window]
[    1.258273] pci_bus 0000:00: root bus resource [mem 0x40000000-0xfdffffff window]
[    1.263794] pci_bus 0000:00: root bus resource [bus 00-ff]
[    1.272729] pci 0000:00:01.1: legacy IDE quirk: reg 0x10: [io  0x01f0-0x01f7]
[    1.277135] pci 0000:00:01.1: legacy IDE quirk: reg 0x14: [io  0x03f6]
[    1.280945] pci 0000:00:01.1: legacy IDE quirk: reg 0x18: [io  0x0170-0x0177]
[    1.285232] pci 0000:00:01.1: legacy IDE quirk: reg 0x1c: [io  0x0376]
[    1.357362] pci 0000:00:07.0: quirk: [io  0x4000-0x403f] claimed by PIIX4 ACPI
[    1.362761] pci 0000:00:07.0: quirk: [io  0x4100-0x410f] claimed by PIIX4 SMB
[    1.385689] ACPI: PCI Interrupt Link [LNKA] (IRQs 5 9 10 *11)
[    1.391458] ACPI: PCI Interrupt Link [LNKB] (IRQs 5 9 *10 11)
[    1.396329] ACPI: PCI Interrupt Link [LNKC] (IRQs 5 *9 10 11)
[    1.401259] ACPI: PCI Interrupt Link [LNKD] (IRQs 5 9 10 *11)
[    1.406216] ACPI: Enabled 2 GPEs in block 00 to 07
[    1.410292] vgaarb: setting as boot device: PCI:0000:00:02.0
[    1.413817] vgaarb: device added: PCI:0000:00:02.0,decodes=io+mem,owns=io+mem,locks=none
[    1.419279] vgaarb: loaded
[    1.421550] vgaarb: bridge control possible 0000:00:02.0
[    1.426095] SCSI subsystem initialized
[    1.429187] ACPI: bus type USB registered
[    1.431990] usbcore: registered new interface driver usbfs
[    1.435535] usbcore: registered new interface driver hub
[    1.438957] usbcore: registered new device driver usb
[    1.445155] PCI: Using ACPI for IRQ routing
[    1.449073] NetLabel: Initializing
[    1.451774] NetLabel:  domain hash size = 128
[    1.454978] NetLabel:  protocols = UNLABELED CIPSOv4
[    1.458210] NetLabel:  unlabeled traffic allowed by default
[    1.461959] amd_nb: Cannot enumerate AMD northbridges
[    1.465338] clocksource: Switched to clocksource kvm-clock
[    1.495330] AppArmor: AppArmor Filesystem Enabled
[    1.498810] pnp: PnP ACPI init
[    1.503958] pnp: PnP ACPI: found 3 devices
[    1.518805] clocksource: acpi_pm: mask: 0xffffff max_cycles: 0xffffff, max_idle_ns: 2085701024 ns
[    1.525280] NET: Registered protocol family 2
[    1.529023] TCP established hash table entries: 8192 (order: 4, 65536 bytes)
[    1.533437] TCP bind hash table entries: 8192 (order: 5, 131072 bytes)
[    1.537304] TCP: Hash tables configured (established 8192 bind 8192)
[    1.541205] UDP hash table entries: 512 (order: 2, 16384 bytes)
[    1.544884] UDP-Lite hash table entries: 512 (order: 2, 16384 bytes)
[    1.556215] NET: Registered protocol family 1
[    1.559477] pci 0000:00:00.0: Limiting direct PCI/PCI transfers
[    1.563575] pci 0000:00:01.0: Activating ISA DMA hang workarounds
[    1.568053] Unpacking initramfs...
[    2.275906] Freeing initrd memory: 14888K
[    2.279190] RAPL PMU detected, API unit is 2^-32 Joules, 3 fixed counters 10737418240 ms ovfl timer
[    2.285273] hw unit of domain pp0-core 2^-0 Joules
[    2.288701] hw unit of domain package 2^-0 Joules
[    2.292203] hw unit of domain pp1-gpu 2^-0 Joules
[    2.295633] clocksource: tsc: mask: 0xffffffffffffffff max_cycles: 0x1fa3d635b2c, max_idle_ns: 440795254665 ns
[    2.302078] platform rtc_cmos: registered platform RTC device (no PNP device found)
[    2.307848] Scanning for low memory corruption every 60 seconds
[    2.312435] audit: initializing netlink subsys (disabled)
[    2.315891] audit: type=2000 audit(1669655748.803:1): initialized
[    2.320886] Initialise system trusted keyring
[    2.324550] HugeTLB registered 2 MB page size, pre-allocated 0 pages
[    2.333519] zbud: loaded
[    2.336449] VFS: Disk quotas dquot_6.6.0
[    2.339536] VFS: Dquot-cache hash table entries: 512 (order 0, 4096 bytes)
[    2.344626] squashfs: version 4.0 (2009/01/31) Phillip Lougher
[    2.349066] fuse init (API version 7.23)
[    2.352469] Key type big_key registered
[    2.355446] Allocating IMA MOK and blacklist keyrings.
[    2.361010] Key type asymmetric registered
[    2.364043] Asymmetric key parser 'x509' registered
[    2.367530] Block layer SCSI generic (bsg) driver version 0.4 loaded (major 249)
[    2.372981] io scheduler noop registered
[    2.375818] io scheduler deadline registered (default)
[    2.379439] io scheduler cfq registered
[    2.382654] pci_hotplug: PCI Hot Plug PCI Core version: 0.5
[    2.386246] pciehp: PCI Express Hot Plug Controller Driver version: 0.4
[    2.390584] ACPI: AC Adapter [AC] (on-line)
[    2.393647] input: Power Button as /devices/LNXSYSTM:00/LNXPWRBN:00/input/input0
[    2.399210] ACPI: Power Button [PWRF]
[    2.402355] input: Sleep Button as /devices/LNXSYSTM:00/LNXSLPBN:00/input/input1
[    2.407716] ACPI: Sleep Button [SLPF]
[    2.410904] GHES: HEST is not enabled!
[    2.413015] ACPI: Battery Slot [BAT0] (battery present)
[    2.417671] Serial: 8250/16550 driver, 32 ports, IRQ sharing enabled
[    2.443668] 00:02: ttyS0 at I/O 0x3f8 (irq = 4, base_baud = 115200) is a 16550A
[    2.452752] Linux agpgart interface v0.103
[    2.459262] loop: module loaded
[    2.463727] scsi host0: ata_piix
[    2.481776] scsi host1: ata_piix
[    2.484357] ata1: PATA max UDMA/33 cmd 0x1f0 ctl 0x3f6 bmdma 0xd000 irq 14
[    2.488563] ata2: PATA max UDMA/33 cmd 0x170 ctl 0x376 bmdma 0xd008 irq 15
[    2.493989] libphy: Fixed MDIO Bus: probed
[    2.496831] tun: Universal TUN/TAP device driver, 1.6
[    2.500150] tun: (C) 1999-2004 Max Krasnyansky <maxk@qualcomm.com>
[    2.504075] PPP generic driver version 2.4.2
[    2.507473] ehci_hcd: USB 2.0 'Enhanced' Host Controller (EHCI) Driver
[    2.511998] ehci-pci: EHCI PCI platform driver
[    2.515116] ehci-platform: EHCI generic platform driver
[    2.518495] ohci_hcd: USB 1.1 'Open' Host Controller (OHCI) Driver
[    2.522286] ohci-pci: OHCI PCI platform driver
[    2.525541] ohci-platform: OHCI generic platform driver
[    2.529159] uhci_hcd: USB Universal Host Controller Interface driver
[    2.533219] i8042: PNP: PS/2 Controller [PNP0303:PS2K,PNP0f03:PS2M] at 0x60,0x64 irq 1,12
[    2.539986] serio: i8042 KBD port at 0x60,0x64 irq 1
[    2.543583] serio: i8042 AUX port at 0x60,0x64 irq 12
[    2.547542] mousedev: PS/2 mouse device common for all mice
[    2.552476] input: AT Translated Set 2 keyboard as /devices/platform/i8042/serio0/input/input2
[    2.559106] rtc_cmos rtc_cmos: rtc core: registered rtc_cmos as rtc0
[    2.563690] rtc_cmos rtc_cmos: alarms up to one day, 114 bytes nvram
[    2.567712] i2c /dev entries driver
[    2.570569] device-mapper: uevent: version 1.0.3
[    2.573989] device-mapper: ioctl: 4.34.0-ioctl (2015-10-28) initialised: dm-devel@redhat.com
[    2.579949] ledtrig-cpu: registered to indicate activity on CPUs
[    2.584706] NET: Registered protocol family 10
[    2.588088] NET: Registered protocol family 17
[    2.591220] Key type dns_resolver registered
[    2.597074] registered taskstats version 1
[    2.600792] Loading compiled-in X.509 certificates
[    2.606261] Loaded X.509 cert 'Build time autogenerated kernel key: cf00e047681d67edb2720680708b7d9498083038'
[    2.612992] zswap: loaded using pool lzo/zbud
[    2.621463] Key type trusted registered
[    2.633094] Key type encrypted registered
[    2.635985] AppArmor: AppArmor sha1 policy hashing enabled
[    2.639499] ima: No TPM chip found, activating TPM-bypass!
[    2.642992] ima: Allocated hash algorithm: sha1
[    2.646118] evm: HMAC attrs: 0x1
[    2.661420]   Magic number: 14:658:290
[    2.665450] tty tty23: hash matches
[    2.678741] rtc_cmos rtc_cmos: setting system clock to 2022-11-28 17:15:40 UTC (1669655740)
[    2.685127] BIOS EDD facility v0.16 2004-Jun-25, 0 devices found
[    2.689320] EDD information not available.
[    2.699260] Freeing unused kernel memory: 1492K
[    2.702525] Write protecting the kernel read-only data: 14336k
[    2.707672] Freeing unused kernel memory: 1584K
[    2.711434] Freeing unused kernel memory: 52K
Loading, please wait...
starting version 229
[    2.746859] random: systemd-udevd: uninitialized urandom read (16 bytes read, 3 bits of entropy available)
[    2.748718] random: udevadm: uninitialized urandom read (16 bytes read, 3 bits of entropy available)
[    2.748772] random: udevadm: uninitialized urandom read (16 bytes read, 3 bits of entropy available)
[    2.766511] random: systemd-udevd: uninitialized urandom read (16 bytes read, 3 bits of entropy available)
[    2.773098] random: systemd-udevd: uninitialized urandom read (16 bytes read, 3 bits of entropy available)
[    2.779708] random: systemd-udevd: uninitialized urandom read (16 bytes read, 3 bits of entropy available)
[    2.783116] random: udevadm: uninitialized urandom read (16 bytes read, 3 bits of entropy available)
[    2.783246] random: udevadm: uninitialized urandom read (16 bytes read, 3 bits of entropy available)
[    2.783781] random: udevadm: uninitialized urandom read (16 bytes read, 3 bits of entropy available)
[    2.783970] random: udevadm: uninitialized urandom read (16 bytes read, 3 bits of entropy available)
[    2.948116] Fusion MPT base driver 3.04.20
[    2.951281] Copyright (c) 1999-2008 LSI Corporation
[    2.981281] e1000: Intel(R) PRO/1000 Network Driver - version 7.3.21-k8-NAPI
[    2.985951] e1000: Copyright (c) 1999-2006 Intel Corporation.
[    3.024179] AVX version of gcm_enc/dec engaged.
[    3.027475] AES CTR mode by8 optimization enabled
[    3.043785] Fusion MPT SPI Host driver 3.04.20
[    3.219227] input: ImExPS/2 Generic Explorer Mouse as /devices/platform/i8042/serio1/input/input4
[    3.681721] e1000 0000:00:03.0 eth0: (PCI:33MHz:32-bit) 02:be:82:6b:cc:1d
[    3.686112] e1000 0000:00:03.0 eth0: Intel(R) PRO/1000 Network Connection
[    4.473904] e1000 0000:00:08.0 eth1: (PCI:33MHz:32-bit) 08:00:27:79:6e:39
[    4.478536] e1000 0000:00:08.0 eth1: Intel(R) PRO/1000 Network Connection
[    4.485021] mptbase: ioc0: Initiating bringup
[    4.487097] e1000 0000:00:08.0 enp0s8: renamed from eth1
[    4.498332] e1000 0000:00:03.0 enp0s3: renamed from eth0
[    4.566956] ioc0: LSI53C1030 A0: Capabilities={Initiator}
[    4.733057] scsi host2: ioc0: LSI53C1030 A0, FwRev=00000000h, Ports=1, MaxQ=256, IRQ=20
[    4.850716] scsi 2:0:0:0: Direct-Access     VBOX     HARDDISK         1.0  PQ: 0 ANSI: 5
[    4.856345] scsi target2:0:0: Beginning Domain Validation
[    4.908702] scsi target2:0:0: Domain Validation skipping write tests
[    4.912594] scsi target2:0:0: Ending Domain Validation
[    4.916156] scsi target2:0:0: asynchronous
[    4.920593] scsi 2:0:1:0: Direct-Access     VBOX     HARDDISK         1.0  PQ: 0 ANSI: 5
[    4.926109] scsi target2:0:1: Beginning Domain Validation
[    4.933106] scsi target2:0:1: Domain Validation skipping write tests
[    4.937047] scsi target2:0:1: Ending Domain Validation
[    4.940766] scsi target2:0:1: asynchronous
[    4.954394] sd 2:0:0:0: [sda] 83886080 512-byte logical blocks: (42.9 GB/40.0 GiB)
[    4.954522] sd 2:0:0:0: Attached scsi generic sg0 type 0
[    4.956008] sd 2:0:1:0: Attached scsi generic sg1 type 0
[    4.967411] sd 2:0:1:0: [sdb] 20480 512-byte logical blocks: (10.5 MB/10.0 MiB)
[    4.967734] sd 2:0:0:0: [sda] Write Protect is off
[    4.968063] sd 2:0:0:0: [sda] Incomplete mode parameter data
[    4.968065] sd 2:0:0:0: [sda] Assuming drive cache: write through
[    4.984664] sd 2:0:1:0: [sdb] Write Protect is off
[    4.988452] sd 2:0:1:0: [sdb] Incomplete mode parameter data
[    4.992359] sd 2:0:1:0: [sdb] Assuming drive cache: write through
[    4.999007]  sda: sda1
[    5.002328] sd 2:0:0:0: [sda] Attached SCSI disk
[    5.021276] sd 2:0:1:0: [sdb] Attached SCSI disk
Begin: Loading essential drivers ... [    7.515683] md: linear personality registered for level -1
[    7.524916] md: multipath personality registered for level -4
[    7.534539] md: raid0 personality registered for level 0
[    7.546975] md: raid1 personality registered for level 1
[    7.625440] raid6: sse2x1   gen()  1606 MB/s
[    7.693444] raid6: sse2x1   xor()  1071 MB/s
[    7.761430] raid6: sse2x2   gen()  2945 MB/s
[    7.829425] raid6: sse2x2   xor()  1994 MB/s
[    7.897412] raid6: sse2x4   gen()  4761 MB/s
[    7.965419] raid6: sse2x4   xor()  2715 MB/s
[    7.968596] raid6: using algorithm sse2x4 gen() 4761 MB/s
[    7.972148] raid6: .... xor() 2715 MB/s, rmw enabled
[    7.975393] raid6: using ssse3x2 recovery algorithm
[    7.981152] xor: automatically using best checksumming function:
[    8.021443]    avx       : 10581.000 MB/sec
[    8.027734] async_tx: api initialized (async)
[    8.054600] md: raid6 personality registered for level 6
[    8.058342] md: raid5 personality registered for level 5
[    8.061996] md: raid4 personality registered for level 4
[    8.081722] md: raid10 personality registered for level 10
done.
Begin: Running /scripts/init-premount ... done.
Begin: Mounting root file system ... Begin: Running /scripts/local-top ... done.
Begin: Running /scripts/local-premount ... [    8.179740] Btrfs loaded
Scanning for Btrfs filesystems
done.
Warning: fsck not present, so skipping root file system
[    8.281011] EXT4-fs (sda1): mounted filesystem with ordered data mode. Opts: (null)
done.
Begin: Running /scripts/local-bottom ... done.
Begin: Running /scripts/init-bottom ... done.
[    9.167290] systemd[1]: systemd 229 running in system mode. (+PAM +AUDIT +SELINUX +IMA +APPARMOR +SMACK +SYSVINIT +UTMP +LIBCRYPTSETUP +GCRYPT +GNUTLS +ACL +XZ -LZ4 +SECCOMP +BLKID +ELFUTILS +KMOD -IDN)
[    9.178488] systemd[1]: Detected virtualization oracle.
[    9.182190] systemd[1]: Detected architecture x86-64.

Welcome to [1mUbuntu 16.04.7 LTS[0m!

[    9.219858] systemd[1]: Set hostname to <ubuntu>.
[    9.243742] systemd[1]: Initializing machine ID from random generator.
[    9.248149] systemd[1]: Installed transient /etc/machine-id file.
[    9.260149] random: nonblocking pool is initialized
[   10.321037] systemd[1]: Set up automount Arbitrary Executable File Formats File System Automount Point.
[[0;32m  OK  [0m] Set up automount Arbitrary Executab...ats File System Automount Point.
[   10.338641] systemd[1]: Started Trigger resolvconf update for networkd DNS.
[[0;32m  OK  [0m] Started Trigger resolvconf update for networkd DNS.
[   10.350529] systemd[1]: Listening on LVM2 metadata daemon socket.
[[0;32m  OK  [0m] Listening on LVM2 metadata daemon socket.
[   10.362208] systemd[1]: Started Forward Password Requests to Wall Directory Watch.
[[0;32m  OK  [0m] Started Forward Password Requests to Wall Directory Watch.
[   10.377897] systemd[1]: Listening on Journal Socket (/dev/log).
[[0;32m  OK  [0m] Listening on Journal Socket (/dev/log).
[   10.389768] systemd[1]: Listening on udev Control Socket.
[[0;32m  OK  [0m] Listening on udev Control Socket.
[   10.402531] systemd[1]: Listening on /dev/initctl Compatibility Named Pipe.
[[0;32m  OK  [0m] Listening on /dev/initctl Compatibility Named Pipe.
[   10.414404] systemd[1]: Listening on udev Kernel Socket.
[[0;32m  OK  [0m] Listening on udev Kernel Socket.
[   10.421060] systemd[1]: Created slice User and Session Slice.
[[0;32m  OK  [0m] Created slice User and Session Slice.
[   10.427294] systemd[1]: Listening on Journal Audit Socket.
[[0;32m  OK  [0m] Listening on Journal Audit Socket.
[   10.438624] systemd[1]: Created slice System Slice.
[[0;32m  OK  [0m] Created slice System Slice.
[   10.449832] systemd[1]: Listening on Journal Socket.
[[0;32m  OK  [0m] Listening on Journal Socket.
[   10.470107] systemd[1]: Mounting POSIX Message Queue File System...
         Mounting POSIX Message Queue File System...
[   10.483948] systemd[1]: Starting Uncomplicated firewall...
         Starting Uncomplicated firewall...
[   10.491525] systemd[1]: Starting Set console keymap...
         Starting Set console keymap...
[   10.498961] systemd[1]: Mounting Huge Pages File System...
         Mounting Huge Pages File System...
[   10.581861] systemd[1]: Starting Load Kernel Modules...
         Starting Load Kernel Modules...
[   10.589804] systemd[1]: Starting Nameserver information manager...
         Starting Nameserver information manager...
[   10.595982] systemd[1]: Listening on fsck to fsckd communication Socket.
[[0;32m  OK  [0m] Listening on fsck to fsckd communication Socket.
[   10.607540] systemd[1]: Starting File System Check on Root Device...
         Starting File System Check on Root Device...
[   10.615888] systemd[1]: Starting Create list of required static device nodes for the current kernel...
         Starting Create list of required st... nodes for the current kernel...
[   10.625689] systemd[1]: Reached target Slices.
[[0;32m  OK  [0m] Reached target Slices.
[   10.630812] systemd[1]: Listening on LVM2 poll daemon socket.
[[0;32m  OK  [0m] Listening on LVM2 poll daemon socket.
[   10.641777] systemd[1]: Reached target User and Group Name Lookups.
[[0;32m  OK  [0m] Reached target User and Group Name Lookups.
[   10.647846] systemd[1]: Reached target System Time Synchronized.
[[0;32m  OK  [0m] Reached target System Time Synchronized.
[   10.656694] systemd[1]: Listening on Syslog Socket.
[[0;32m  OK  [0m] Listening on Syslog Socket.
[   10.681733] systemd[1]: Starting Journal Service...
         Starting Journal Service...
[   10.688746] systemd[1]: Created slice system-serial\x2dgetty.slice.
[[0;32m  OK  [0m] Created slice system-serial\x2dgetty.slice.
[   10.731585] systemd[1]: Reached target Swap.
[[0;32m  OK  [0m] Reached target Swap.
[   10.736661] systemd[1]: Reached target Encrypted Volumes.
[[0;32m  OK  [0m] Reached target Encrypted Volumes.
[   10.760010] Loading iSCSI transport class v2.0-870.
[   10.765576] systemd[1]: Mounting Debug File System...
         Mounting Debug File System...
[   10.771043] systemd[1]: Listening on Device-mapper event daemon FIFOs.
[[0;32m  OK  [0m] Listening on Device-mapper event daemon FIFOs.
[   10.784619] systemd[1]: Starting Monitoring of LVM2 mirrors, snapshots etc. using dmeventd or progress polling...
         Starting Monitoring of LVM2 mirrors... dmeventd or progress polling...
[   10.807600] systemd[1]: Mounted Huge Pages File System.
[[0;32m  OK  [0m] Mounted Huge Pages File System.
[   10.825742] systemd[1]: Mounted POSIX Message Queue File System.
[[0;32m  OK  [0m] Mounted POSIX Message Queue File System.
[   10.832636] iscsi: registered transport (tcp)
[   10.834404] systemd[1]: Mounted Debug File System.
[[0;32m  OK  [0m] Mounted Debug File System.
[   10.843373] systemd[1]: Started Uncomplicated firewall.
[[0;32m  OK  [0m] Started Uncomplicated firewall.
[   10.864833] systemd[1]: Started Create list of required static device nodes for the current kernel.
[[0;32m  OK  [0m] Started Create list of required sta...ce nodes for the current kernel.
[   10.882142] systemd[1]: Started Set console keymap.
[[0;32m  OK  [0m] Started Set console keymap.
[   10.891964] systemd[1]: Started Nameserver information manager.
[[0;32m  OK  [0m] Started Nameserver information manager.
[   10.913196] systemd[1]: Started File System Check on Root Device.
[[0;32m  OK  [0m] Started File System Check on Root Device.
[   10.925783] systemd[1]: Started File System Check Daemon to report status.
[[0;32m  OK  [0m] Started File System Check Daemon to report status.
[   10.934334] systemd[1]: Starting Remount Root and Kernel File Systems...
         Starting Remount Root and Kernel File Systems...
[   10.943249] systemd[1]: Starting Create Static Device Nodes in /dev...
         Starting Create Static Device Nodes in /dev...
[   10.964689] systemd[1]: Started Journal Service.
[[0;32m  OK  [0m] Started Journal Service.
[   10.993662] EXT4-fs (sda1): re-mounted. Opts: (null)
[[0;32m  OK  [0m] Started Remount Root and Kernel File Systems.
         Starting Load/Save Random Seed...
         Starting udev Coldplug all Devices...
         Starting Flush Journal to Persistent Storage...
[[0;32m  OK  [0m] Started Load/Save Random Seed.
[[0;32m  OK  [0m] Started LVM2 metadata daemon.
[   11.303564] systemd-journald[390]: Received request to flush runtime journal from PID 1
[[0;32m  OK  [0m] Started udev Coldplug all Devices.
[   11.348605] iscsi: registered transport (iser)
[[0;32m  OK  [0m] Started Flush Journal to Persistent Storage.
[[0;32m  OK  [0m] Started Load Kernel Modules.
         Mounting FUSE Control File System...
         Starting Apply Kernel Variables...
[[0;32m  OK  [0m] Mounted FUSE Control File System.
[[0;32m  OK  [0m] Started Apply Kernel Variables.
[[0;32m  OK  [0m] Started Monitoring of LVM2 mirrors,...ng dmeventd or progress polling.
[[0;32m  OK  [0m] Started Create Static Device Nodes in /dev.
[[0;32m  OK  [0m] Reached target Local File Systems (Pre).
[[0;32m  OK  [0m] Reached target Local File Systems.
         Starting Create Volatile Files and Directories...
         Starting Commit a transient machine-id on disk...
         Starting Set console font and keymap...
         Starting LSB: AppArmor initialization...
         Starting Tell Plymouth To Write Out Runtime Data...
         Starting Initial cloud-init job (pre-networking)...
         Starting udev Kernel Device Manager...
[[0;32m  OK  [0m] Started Tell Plymouth To Write Out Runtime Data.
[[0;32m  OK  [0m] Started Create Volatile Files and Directories.
[[0;32m  OK  [0m] Started Commit a transient machine-id on disk.
         Starting Update UTMP about System Boot/Shutdown...
[[0;32m  OK  [0m] Started Update UTMP about System Boot/Shutdown.
[[0;32m  OK  [0m] Started udev Kernel Device Manager.
[[0;32m  OK  [0m] Started Dispatch Password Requests to Console Directory Watch.
[[0;32m  OK  [0m] Found device /dev/ttyS0.
[[0;32m  OK  [0m] Listening on Load/Save RF Kill Switch Status /dev/rfkill Watch.
[[0;32m  OK  [0m] Started Set console font and keymap.
[[0;32m  OK  [0m] Created slice system-getty.slice.
[[0;32m  OK  [0m] Started LSB: AppArmor initialization.
         Starting Load AppArmor profiles managed internally by snapd...
[[0;32m  OK  [0m] Started Load AppArmor profiles managed internally by snapd.
[   18.028975] cloud-init[477]: Cloud-init v. 21.1-19-gbad84ad4-0ubuntu1~16.04.2 running 'init-local' at Mon, 28 Nov 2022 17:15:55 +0000. Up 17.00 seconds.
[[0;32m  OK  [0m] Started Initial cloud-init job (pre-networking).
[[0;32m  OK  [0m] Reached target Network (Pre).
         Starting Raise network interfaces...
[[0;32m  OK  [0m] Started Raise network interfaces.
         Starting Initial cloud-init job (metadata service crawler)...
[[0;32m  OK  [0m] Reached target Network.
[   22.561072] cloud-init[944]: Cloud-init v. 21.1-19-gbad84ad4-0ubuntu1~16.04.2 running 'init' at Mon, 28 Nov 2022 17:15:58 +0000. Up 19.70 seconds.
[   22.565665] cloud-init[944]: ci-info: ++++++++++++++++++++++++++++++++++++++Net device info+++++++++++++++++++++++++++++++++++++++
[   22.569756] cloud-init[944]: ci-info: +--------+-------+----------------------------+---------------+--------+-------------------+
[   22.575224] cloud-init[944]: ci-info: | Device |   Up  |          Address           |      Mask     | Scope  |     Hw-Address    |
[   22.588912] cloud-init[944]: ci-info: +--------+-------+----------------------------+---------------+--------+-------------------+
[   22.592648] cloud-init[944]: ci-info: | enp0s3 |  True |         10.0.2.15          | 255.255.255.0 | global | 02:be:82:6b:cc:1d |
[   22.596982] cloud-init[944]: ci-info: | enp0s3 |  True | fe80::be:82ff:fe6b:cc1d/64 |       .       |  link  | 02:be:82:6b:cc:1d |
[   22.601946] cloud-init[944]: ci-info: | enp0s8 | False |             .              |       .       |   .    | 08:00:27:79:6e:39 |
[   22.612974] cloud-init[944]: ci-info: |   lo   |  True |         127.0.0.1          |   255.0.0.0   |  host  |         .         |
[   22.617117] cloud-init[944]: ci-info: |   lo   |  True |          ::1/128           |       .       |  host  |         .         |
[   22.623717] cloud-init[944]: ci-info: +--------+-------+----------------------------+---------------+--------+-------------------+
[   22.630598] cloud-init[944]: ci-info: +++++++++++++++++++++++++++Route IPv4 info++++++++++++++++++++++++++++
[   22.635854] cloud-init[944]: ci-info: +-------+-------------+----------+---------------+-----------+-------+
[   22.640133] cloud-init[944]: ci-info: | Route | Destination | Gateway  |    Genmask    | Interface | Flags |
[   22.645666] cloud-init[944]: ci-info: +-------+-------------+----------+---------------+-----------+-------+
[   22.651917] cloud-init[944]: ci-info: |   0   |   0.0.0.0   | 10.0.2.2 |    0.0.0.0    |   enp0s3  |   UG  |
[   22.657192] cloud-init[944]: ci-info: |   1   |   10.0.2.0  | 0.0.0.0  | 255.255.255.0 |   enp0s3  |   U   |
[   22.660728] cloud-init[944]: ci-info: +-------+-------------+----------+---------------+-----------+-------+
[   22.665386] cloud-init[944]: ci-info: +++++++++++++++++++Route IPv6 info+++++++++++++++++++
[   22.669951] cloud-init[944]: ci-info: +-------+-------------+---------+-----------+-------+
[   22.674562] cloud-init[944]: ci-info: | Route | Destination | Gateway | Interface | Flags |
[   22.678693] [cloud-init[944]: ci-info: +-------+-------------+---------+-----------+-------+
[   22.680509] cloud-init[944]: ci-info: |   0   |  fe80::/64  |    ::   |   enp0s3  |   U   |
[   22.681914] cloud-init[944]: ci-info: |   3   |   ff00::/8  |    ::   |   enp0s3  |   U   |
[   22.683124] cloud-init[944]: ci-info: +-------+-------------+---------+-----------+-------+
[   22.685962] cloud-init[944]: Generating public/private rsa key pair.
[   22.686848] cloud-init[944]: Your identification has been saved in /etc/ssh/ssh_host_rsa_key.
[   22.687424] cloud-init[944]: Your public key has been saved in /etc/ssh/ssh_host_rsa_key.pub.
[   22.689366] cloud-init[944]: The key fingerprint is:
[0;32m  OK  [0m[   22.697522] cloud-init[944]: SHA256:/uT+op6wF8SaCTXw6LhVyK3z6wuqMEU+z0sLdcauTXo root@ubuntu-xenial
[   22.698276] cloud-init[944]: The key's randomart image is:
[   22.702395] cloud-init[944]: +---[RSA 2048]----+
[   22.704478] cloud-init[944]: |    ..           |
[   22.705100] cloud-init[944]: |   . =o          |
[   22.707529] cloud-init[944]: |  . +.+o         |
[   22.708730] cloud-init[944]: | o o.+  o        |
[   22.709715] cloud-init[944]: |  = *.+=S        |
[   22.710926] cloud-init[944]: | . B *+..        |
[   22.712097] cloud-init[944]: |o o = = ...      |
] Started Initial cloud-init job (metadata service crawler).
[   22.715402] cloud-init[944]: |.. + OE+.=.      |
[   22.718876] cloud-init[944]: |... =o*++o+o.    |
[   22.719538] cloud-init[944]: +----[SHA256]-----+
[   22.721442] cloud-init[944]: Generating public/private dsa key pair.
[   22.722078] cloud-init[944]: Your identification has been saved in /etc/ssh/ssh_host_dsa_key.
[   22.724086] cloud-init[944]: Your public key has been saved in /etc/ssh/ssh_host_dsa_key.pub.
[   22.725133] cloud-init[944]: The key fingerprint is:
[   22.728728] cloud-init[944]: SHA256:Inlb4Sp19kkbBwlAUoNYTF68/D6Dlcfbmnnr8eWaOxs root@ubuntu-xenial
[   22.729138] cloud-init[944]: The key's randomart image is:
[   22.729478] cloud-init[944]: +---[DSA 1024]----+
[   22.731390] cloud-init[944]: |   =+=*..        |
[   22.734063] cloud-init[944]: |  ..oo.. . .     |
[   22.738167] cloud-init[944]: |    .. .. o      |
[   22.739211] cloud-init[944]: |     .o. . .     |
[   22.741490] cloud-init[944]: |    o +.Soo .    |
[[   22.744374] cloud-init[944]: |     + B+oo=     |
[   22.744697] cloud-init[944]: |    . o+ .+o. E .|
[   22.747206] cloud-init[944]: |     .. + .ooo.= |
[   22.748686] cloud-init[944]: |         o++o.*=.|
[   22.749214] cloud-init[944]: +----[SHA256]-----+
[   22.751732] cloud-init[944]: Generating public/private ecdsa key pair.
[   22.752927] cloud-init[944]: Your identification has been saved in /etc/ssh/ssh_host_ecdsa_key.
[   22.755646] cloud-init[944]: Your public key has been saved in /etc/ssh/ssh_host_ecdsa_key.pub.
[   22.756145] cloud-init[944]: The key fingerprint is:
[   22.756338] cloud-init[944]: SHA256:VNT6u5/v+3vktILRB28ctpXv5m+wFTDHqoyvDder4Xs root@ubuntu-xenial
[   22.757945] cloud-init[944]: The key's randomart image is:
[   22.761476] cloud-init[944]: +---[ECDSA 256]---+
[   22.764956] cloud-init[944]: |         .o.  .  |
[   22.765752] cloud-init[944]: |         .  .o o |
[   22.767406] cloud-init[944]: |        .  .  = .|
[   22.771421] cloud-init[944]: |       .  .  o =.|
[   22.772172] cloud-init[944]: |        S o.o = *|
[   22.773960] cloud-init[944]: |         . +o..*=|
[   22.775011] cloud-init[944]: |         ..ooooO.|
[   22.776964] cloud-init[944]: |          =ooEoo*|
[0;32m  OK  [0m[   22.779487] cloud-init[944]: |         ..==++O%|
[   22.780381] cloud-init[944]: +----[SHA256]-----+
[   22.782171] cloud-init[944]: Generating public/private ed25519 key pair.
[   22.783738] cloud-init[944]: Your identification has been saved in /etc/ssh/ssh_host_ed25519_key.
[   22.785641] cloud-init[944]: Your public key has been saved in /etc/ssh/ssh_host_ed25519_key.pub.
[   22.787841] cloud-init[944]: The key fingerprint is:
[   22.789459] cloud-init[944]: SHA256:n5E1SiDNFynEs0sFwWiOVYVpMvTvY1MjfoMAzSomFfw root@ubuntu-xenial
[   22.791420] cloud-init[944]: The key's randomart image is:
[   22.794180] cloud-init[944]: +--[ED25519 256]--+
[   22.796475] cloud-init[944]: |   ...oO**oo     |
[   22.798231] cloud-init[944]: |    ..*=@.+      |
[   22.800219] cloud-init[944]: |    .*.++*. o    |
] [   22.802546] cloud-init[944]: |   .. Eooo + .   |
[   22.802847] cloud-init[944]: |  . o ..S.* o    |
[   22.804698] cloud-init[944]: |   o .  .= * .   |
[   22.805748] cloud-init[944]: |          X o    |
[   22.807554] cloud-init[944]: |         . + .   |
[   22.808533] cloud-init[944]: |                 |
[   22.809780] cloud-init[944]: +----[SHA256]-----+
Reached target Cloud-config availability.
[[0;32m  OK  [0m] Reached target Network is Online.
         Starting iSCSI initiator daemon (iscsid)...
[[0;32m  OK  [0m] Reached target System Initialization.
[[0;32m  OK  [0m] Started Ubuntu Advantage update messaging.
         Starting Socket activation for snappy daemon.
[[0;32m  OK  [0m] Started Message of the Day.
[[0;32m  OK  [0m] Started Daily Cleanup of Temporary Directories.
[[0;32m  OK  [0m] Listening on D-Bus System Message Bus Socket.
         Starting LXD - unix socket.
[[0;32m  OK  [0m] Listening on ACPID Listen Socket.
[[0;32m  OK  [0m] Listening on UUID daemon activation socket.
[[0;32m  OK  [0m] Started ACPI Events Check.
[[0;32m  OK  [0m] Reached target Paths.
[[0;32m  OK  [0m] Started Daily apt download activities.
[[0;32m  OK  [0m] Started Daily apt upgrade and clean activities.
[[0;32m  OK  [0m] Reached target Timers.
[[0;32m  OK  [0m] Listening on Socket activation for snappy daemon.
[[0;32m  OK  [0m] Listening on LXD - unix socket.
[[0;32m  OK  [0m] Reached target Sockets.
[[0;32m  OK  [0m] Reached target Basic System.
         Starting Pollinate to seed the pseudo random number generator...
[[0;32m  OK  [0m] Started ACPI event daemon.
         Starting System Logging Service...
[[0;32m  OK  [0m] Started D-Bus System Message Bus.
[[0;32m  OK  [0m] Started FUSE filesystem for LXC.
         Starting LXD - container startup/shutdown...
         Starting /etc/rc.local Compatibility...
         Starting Accounts Service...
[[0;32m  OK  [0m] Started Deferred execution scheduler.
[[0;32m  OK  [0m] Started Regular background program processing daemon.
         Starting Virtualbox guest utils...
         Starting LSB: Record successful boot for GRUB...
         Starting Login Service...
         Starting LSB: MD monitoring daemon...
         Starting Snap Daemon...
[[0;32m  OK  [0m] Started System Logging Service.
[[0;32m  OK  [0m] Started iSCSI initiator daemon (iscsid).
[[0;32m  OK  [0m] Started /etc/rc.local Compatibility.
         Starting Login to default iSCSI targets...
[[0;32m  OK  [0m] Started LSB: Record successful boot for GRUB.
[[0;32m  OK  [0m] Started Login Service.
[[0;32m  OK  [0m] Started Unattended Upgrades Shutdown.
[[0;32m  OK  [0m] Started Login to default iSCSI targets.
[[0;32m  OK  [0m] Reached target Remote File Systems (Pre).
[[0;32m  OK  [0m] Reached target Remote File Systems.
         Starting Permit User Sessions...
         Starting LSB: automatic crash report generation...
         Starting LSB: daemon to balance interrupts for SMP systems...
         Starting LSB: Set the CPU Frequency Scaling governor to "ondemand"...
[[0;32m  OK  [0m] Started LSB: Set the CPU Frequency Scaling governor to "ondemand".
[[0;32m  OK  [0m] Started LSB: MD monitoring daemon.
[[0;32m  OK  [0m] Started Permit User Sessions.
         Starting Terminate Plymouth Boot Screen...
         Starting Hold until boot process finishes up...
[[0;32m  OK  [0m] Started Terminate Plymouth Boot Screen.
[[0;32m  OK  [0m] Started Hold until boot process finishes up.
         Starting Set console scheme...
[[0;32m  OK  [0m] Started Serial Getty on ttyS0.
[[0;32m  OK  [0m] Started Getty on tty1.
[[0;32m  OK  [0m] Reached target Login Prompts.
[[0;32m  OK  [0m] Started Set console scheme.
[[0;32m  OK  [0m] Started LSB: automatic crash report generation.
[[0;32m  OK  [0m] Started LSB: daemon to balance interrupts for SMP systems.
[[0;32m  OK  [0m] Started Virtualbox guest utils.
         Starting Authenticate and Authorize Users to Run Privileged Tasks...
[[0;32m  OK  [0m] Started Authenticate and Authorize Users to Run Privileged Tasks.
[[0;32m  OK  [0m] Started Accounts Service.

Ubuntu 16.04.7 LTS ubuntu-xenial ttyS0

ubuntu-xenial login: [   39.952622] cloud-init[1391]: Generating locales (this might take a while)...
[   44.979768] cloud-init[1391]:   en_US.UTF-8... done
[   44.983514] cloud-init[1391]: Generation complete.
[   47.767192] cloud-init[1391]: Cloud-init v. 21.1-19-gbad84ad4-0ubuntu1~16.04.2 running 'modules:config' at Mon, 28 Nov 2022 17:16:17 +0000. Up 39.38 seconds.
ci-info: no authorized SSH keys fingerprints found for user ubuntu.
<14>Nov 28 17:16:29 ec2: 
<14>Nov 28 17:16:29 ec2: #############################################################
<14>Nov 28 17:16:29 ec2: -----BEGIN SSH HOST KEY FINGERPRINTS-----
<14>Nov 28 17:16:29 ec2: 1024 SHA256:Inlb4Sp19kkbBwlAUoNYTF68/D6Dlcfbmnnr8eWaOxs root@ubuntu-xenial (DSA)
<14>Nov 28 17:16:29 ec2: 256 SHA256:VNT6u5/v+3vktILRB28ctpXv5m+wFTDHqoyvDder4Xs root@ubuntu-xenial (ECDSA)
<14>Nov 28 17:16:29 ec2: 256 SHA256:n5E1SiDNFynEs0sFwWiOVYVpMvTvY1MjfoMAzSomFfw root@ubuntu-xenial (ED25519)
<14>Nov 28 17:16:29 ec2: 2048 SHA256:/uT+op6wF8SaCTXw6LhVyK3z6wuqMEU+z0sLdcauTXo root@ubuntu-xenial (RSA)
<14>Nov 28 17:16:29 ec2: -----END SSH HOST KEY FINGERPRINTS-----
<14>Nov 28 17:16:29 ec2: #############################################################
-----BEGIN SSH HOST KEY KEYS-----
ecdsa-sha2-nistp256 AAAAE2VjZHNhLXNoYTItbmlzdHAyNTYAAAAIbmlzdHAyNTYAAABBBKTnLGWOspoBZECxjxCv9bIUfK9y/ZzouTcFYn45pbhMJdvVmc7dOt9rdsI7MiiXuJqzmiH7I1a+UN8GdNblb7E= root@ubuntu-xenial
ssh-ed25519 AAAAC3NzaC1lZDI1NTE5AAAAIN3IkM3cJxPdzUPkLy9Bv/uwSDvM6TdbDv/lp47omBMa root@ubuntu-xenial
ssh-rsa AAAAB3NzaC1yc2EAAAADAQABAAABAQDU7xrCXGpdyr/sNuvquJajaLlSjeqFoOFZH9UWcEw9WMWn1Qvu6wC4pzXaIUlkgJEs74ID9xCFmHsGaq6cwx2bZBTSw4Epd+JJLvOa2+JZY+gAZJ3jgQ0mW1844AxjrElkvIo+WIXNNdVLufvs0hFvT+OSfwEQhzKrdr196wwV1flaJIt5HjkCnF78ZRr9i5dyb2+uEFvPtfTQiR19+NxVR3xxmVZ8NsFvrPX3qT5j9dvUjJQhsWAAe94W96zUVdi3tWuhXPoetcLpZBJkMGE22jaAm7UYlbxbuu9QtG5l9f9Fv47hpH5aDbtaPQSBd3ZgAQqs7jwoANZPX6lLbG8F root@ubuntu-xenial
-----END SSH HOST KEY KEYS-----
[   51.040396] cloud-init[1604]: Cloud-init v. 21.1-19-gbad84ad4-0ubuntu1~16.04.2 running 'modules:final' at Mon, 28 Nov 2022 17:16:27 +0000. Up 49.30 seconds.
[   51.047542] cloud-init[1604]: ci-info: no authorized SSH keys fingerprints found for user ubuntu.
[   51.056735] cloud-init[1604]: Cloud-init v. 21.1-19-gbad84ad4-0ubuntu1~16.04.2 finished at Mon, 28 Nov 2022 17:16:29 +0000. Datasource DataSourceNoCloud [seed=/dev/sdb][dsmode=net].  Up 51.00 seconds
         Stopping Authenticate and Authorize Users to Run Privileged Tasks...
[[0;32m  OK  [0m] Stopped target Cloud-init target.
         Stopping Session 5 of user vagrant.
[[0;32m  OK  [0m] Stopped target Timers.
[[0;32m  OK  [0m] Stopped Daily apt upgrade and clean activities.
[[0;32m  OK  [0m] Stopped Ubuntu Advantage update messaging.
         Stopping User Manager for UID 1000...
[[0;32m  OK  [0m] Stopped Daily apt download activities.
[[0;32m  OK  [0m] Closed Load/Save RF Kill Switch Status /dev/rfkill Watch.
[[0;32m  OK  [0m] Stopped Daily Cleanup of Temporary Directories.
[[0;32m  OK  [0m] Stopped target Graphical Interface.
         Stopping Accounts Service...
         Stopping ACPI event daemon...
[[0;32m  OK  [0m] Stopped Message of the Day.
[[0;32m  OK  [0m] Stopped target System Time Synchronized.
[[0;32m  OK  [0m] Stopped Execute cloud user/final scripts.
[[0;32m  OK  [0m] Stopped Apply the settings specified in cloud-config.
[[0;32m  OK  [0m] Stopped target Cloud-config availability.
[[0;32m  OK  [0m] Stopped target Multi-User System.
         Stopping LSB: Set the CPU Frequency Scaling governor to "ondemand"...
         Stopping LSB: daemon to balance interrupts for SMP systems...
[[0;32m  OK  [0m] Stopped Wait until snapd is fully seeded.
         Stopping LSB: Record successful boot for GRUB...
[[0;32m  OK  [0m] Stopped target Login Prompts.
         Stopping Serial Getty on ttyS0...
         Stopping Getty on tty1...
         Stopping OpenBSD Secure Shell server...
         Stopping LXD - container startup/shutdown...
         Stopping Virtualbox guest utils...
         Stopping D-Bus System Message Bus...
         Stopping System Logging Service...
         Stopping FUSE filesystem for LXC...
         Stopping A high performance web server and a reverse proxy server...
         Stopping Regular background program processing daemon...
         Stopping LSB: MD monitoring daemon...
         Stopping LSB: automatic crash report generation...
         Stopping Deferred execution scheduler...
[[0;32m  OK  [0m] Unmounted /var/lib/lxcfs.
[[0;32m  OK  [0m] Stopped ACPI event daemon.
[[0;32m  OK  [0m] Stopped System Logging Service.
[[0;32m  OK  [0m] Stopped Accounts Service.
[[0;32m  OK  [0m] Stopped Deferred execution scheduler.
[[0;32m  OK  [0m] Stopped Regular background program processing daemon.
[[0;32m  OK  [0m] Stopped Serial Getty on ttyS0.
[[0;32m  OK  [0m] Stopped Getty on tty1.
[[0;32m  OK  [0m] Stopped Authenticate and Authorize Users to Run Privileged Tasks.
[[0;32m  OK  [0m] Stopped OpenBSD Secure Shell server.
[[0;32m  OK  [0m] Stopped User Manager for UID 1000.
[[0;32m  OK  [0m] Stopped Session 5 of user vagrant.
[[0;32m  OK  [0m] Stopped D-Bus System Message Bus.
[[0;32m  OK  [0m] Stopped FUSE filesystem for LXC.
[[0;32m  OK  [0m] Stopped A high performance web server and a reverse proxy server.
[[0;32m  OK  [0m] Stopped LXD - container startup/shutdown.
[[0;32m  OK  [0m] Stopped LSB: MD monitoring daemon.
[[0;32m  OK  [0m] Stopped LSB: Record successful boot for GRUB.
[[0;32m  OK  [0m] Stopped LSB: daemon to balance interrupts for SMP systems.
[[0;32m  OK  [0m] Stopped LSB: Set the CPU Frequency Scaling governor to "ondemand".
[[0;32m  OK  [0m] Stopped Virtualbox guest utils.
[[0;32m  OK  [0m] Removed slice User Slice of vagrant.
         Stopping Login Service...
[[0;32m  OK  [0m] Removed slice system-getty.slice.
         Stopping Permit User Sessions...
[[0;32m  OK  [0m] Removed slice system-serial\x2dgetty.slice.
[[0;32m  OK  [0m] Stopped /etc/rc.local Compatibility.
[[0;32m  OK  [0m] Stopped LSB: automatic crash report generation.
[[0;32m  OK  [0m] Stopped Permit User Sessions.
[[0;32m  OK  [0m] Stopped target Remote File Systems.
         Unmounting /vagrant...
[[0;32m  OK  [0m] Stopped Login Service.
[[0;32m  OK  [0m] Stopped target User and Group Name Lookups.
[[0;32m  OK  [0m] Stopped target Basic System.
[[0;32m  OK  [0m] Stopped target Sockets.
[[0;32m  OK  [0m] Closed UUID daemon activation socket.
[[0;32m  OK  [0m] Closed LXD - unix socket.
[[0;32m  OK  [0m] Closed Socket activation for snappy daemon.
[[0;32m  OK  [0m] Closed ACPID Listen Socket.
[[0;32m  OK  [0m] Closed Syslog Socket.
[[0;32m  OK  [0m] Stopped target Paths.
[[0;32m  OK  [0m] Stopped Dispatch Password Requests to Console Directory Watch.
[[0;32m  OK  [0m] Stopped Forward Password Requests to Wall Directory Watch.
[[0;32m  OK  [0m] Stopped ACPI Events Check.
[[0;32m  OK  [0m] Stopped target Slices.
[[0;32m  OK  [0m] Removed slice User and Session Slice.
[[0;32m  OK  [0m] Closed D-Bus System Message Bus Socket.
[[0;32m  OK  [0m] Stopped target System Initialization.
[[0;32m  OK  [0m] Stopped Create Volatile Files and Directories.
         Stopping Load/Save Random Seed...
[[0;32m  OK  [0m] Stopped target Encrypted Volumes.
[[0;32m  OK  [0m] Stopped target Swap.
[[0;32m  OK  [0m] Stopped Commit a transient machine-id on disk.
[[0;32m  OK  [0m] Unmounted /vagrant.
[[0;32m  OK  [0m] Stopped Load/Save Random Seed.
[[0;32m  OK  [0m] Stopped target Remote File Systems (Pre).
         Stopping Login to default iSCSI targets...
[[0;32m  OK  [0m] Stopped Login to default iSCSI targets.
         Stopping iSCSI initiator daemon (iscsid)...
[[0;32m  OK  [0m] Stopped iSCSI initiator daemon (iscsid).
[[0;32m  OK  [0m] Stopped target Network is Online.
[[0;32m  OK  [0m] Stopped Initial cloud-init job (metadata service crawler).
[[0;32m  OK  [0m] Stopped target Network.
         Stopping Raise network interfaces...
[[0;32m  OK  [0m] Stopped Raise network interfaces.
[[0;32m  OK  [0m] Stopped target Local File Systems.
         Unmounting /run/user/1000...
[[0;32m  OK  [0m] Stopped Apply Kernel Variables.
[[0;32m  OK  [0m] Stopped Load Kernel Modules.
[[0;32m  OK  [0m] Stopped target Network (Pre).
[[0;32m  OK  [0m] Stopped Initial cloud-init job (pre-networking).
[[0;32m  OK  [0m] Unmounted /run/user/1000.
[[0;32m  OK  [0m] Reached target Unmount All Filesystems.
[[0;32m  OK  [0m] Stopped target Local File Systems (Pre).
[[0;32m  OK  [0m] Stopped Create Static Device Nodes in /dev.
[[0;32m  OK  [0m] Stopped Remount Root and Kernel File Systems.
[[0;32m  OK  [0m] Reached target Shutdown.
[  478.815910] reboot: Power down
